

================================================================
== Vivado HLS Report for 'main'
================================================================
* Date:           Sat Dec 30 01:55:17 2023

* Version:        2018.3 (Build 2405991 on Thu Dec 06 23:56:15 MST 2018)
* Project:        MP1
* Solution:       solution1
* Product family: zynquplus
* Target device:  xczu9eg-ffvb1156-2-i


================================================================
== Performance Estimates
================================================================
+ Timing (ns): 
    * Summary: 
    +--------+-------+----------+------------+
    |  Clock | Target| Estimated| Uncertainty|
    +--------+-------+----------+------------+
    |ap_clk  |  10.00|     2.912|        1.25|
    +--------+-------+----------+------------+

+ Latency (clock cycles): 
    * Summary: 
    +---------+---------+---------+---------+---------+
    |      Latency      |      Interval     | Pipeline|
    |   min   |   max   |   min   |   max   |   Type  |
    +---------+---------+---------+---------+---------+
    |  3719907|  3719907|  3719907|  3719907|   none  |
    +---------+---------+---------+---------+---------+

    + Detail: 
        * Instance: 
        +----------------------+------------+---------+---------+---------+---------+---------+
        |                      |            |      Latency      |      Interval     | Pipeline|
        |       Instance       |   Module   |   min   |   max   |   min   |   max   |   Type  |
        +----------------------+------------+---------+---------+---------+---------+---------+
        |grp_maxPooling_fu_20  |maxPooling  |  3719906|  3719906|  3719906|  3719906|   none  |
        +----------------------+------------+---------+---------+---------+---------+---------+

        * Loop: 
        N/A



================================================================
== Utilization Estimates
================================================================
* Summary: 
+-----------------+---------+-------+--------+--------+-----+
|       Name      | BRAM_18K| DSP48E|   FF   |   LUT  | URAM|
+-----------------+---------+-------+--------+--------+-----+
|DSP              |        -|      -|       -|       -|    -|
|Expression       |        -|      -|       -|       -|    -|
|FIFO             |        -|      -|       -|       -|    -|
|Instance         |        0|      -|     421|     950|    -|
|Memory           |      334|      -|       0|       0|    -|
|Multiplexer      |        -|      -|       -|      15|    -|
|Register         |        -|      -|       3|       -|    -|
+-----------------+---------+-------+--------+--------+-----+
|Total            |      334|      0|     424|     965|    0|
+-----------------+---------+-------+--------+--------+-----+
|Available        |     1824|   2520|  548160|  274080|    0|
+-----------------+---------+-------+--------+--------+-----+
|Utilization (%)  |       18|      0|   ~0   |   ~0   |    0|
+-----------------+---------+-------+--------+--------+-----+

+ Detail: 
    * Instance: 
    +----------------------+------------+---------+-------+-----+-----+
    |       Instance       |   Module   | BRAM_18K| DSP48E|  FF | LUT |
    +----------------------+------------+---------+-------+-----+-----+
    |grp_maxPooling_fu_20  |maxPooling  |        0|      0|  421|  950|
    +----------------------+------------+---------+-------+-----+-----+
    |Total                 |            |        0|      0|  421|  950|
    +----------------------+------------+---------+-------+-----+-----+

    * DSP48: 
    N/A

    * Memory: 
    +-----------------------+----------------------+---------+---+----+--------+-----+------+-------------+
    |         Memory        |        Module        | BRAM_18K| FF| LUT|  Words | Bits| Banks| W*Bits*Banks|
    +-----------------------+----------------------+---------+---+----+--------+-----+------+-------------+
    |convolutionOutput_V_U  |main_convolutionOcud  |      267|  0|   0|  290400|   16|     1|      4646400|
    |poolingResult_V_U      |main_poolingResuldEe  |       67|  0|   0|   69984|   16|     1|      1119744|
    +-----------------------+----------------------+---------+---+----+--------+-----+------+-------------+
    |Total                  |                      |      334|  0|   0|  360384|   32|     2|      5766144|
    +-----------------------+----------------------+---------+---+----+--------+-----+------+-------------+

    * FIFO: 
    N/A

    * Expression: 
    N/A

    * Multiplexer: 
    +-----------+----+-----------+-----+-----------+
    |    Name   | LUT| Input Size| Bits| Total Bits|
    +-----------+----+-----------+-----+-----------+
    |ap_NS_fsm  |  15|          3|    1|          3|
    +-----------+----+-----------+-----+-----------+
    |Total      |  15|          3|    1|          3|
    +-----------+----+-----------+-----+-----------+

    * Register: 
    +-----------------------------------+---+----+-----+-----------+
    |                Name               | FF| LUT| Bits| Const Bits|
    +-----------------------------------+---+----+-----+-----------+
    |ap_CS_fsm                          |  2|   0|    2|          0|
    |grp_maxPooling_fu_20_ap_start_reg  |  1|   0|    1|          0|
    +-----------------------------------+---+----+-----+-----------+
    |Total                              |  3|   0|    3|          0|
    +-----------------------------------+---+----+-----+-----------+



================================================================
== Interface
================================================================
* Summary: 
+-----------+-----+-----+------------+--------------+--------------+
| RTL Ports | Dir | Bits|  Protocol  | Source Object|    C Type    |
+-----------+-----+-----+------------+--------------+--------------+
|ap_clk     |  in |    1| ap_ctrl_hs |     main     | return value |
|ap_rst     |  in |    1| ap_ctrl_hs |     main     | return value |
|ap_start   |  in |    1| ap_ctrl_hs |     main     | return value |
|ap_done    | out |    1| ap_ctrl_hs |     main     | return value |
|ap_idle    | out |    1| ap_ctrl_hs |     main     | return value |
|ap_ready   | out |    1| ap_ctrl_hs |     main     | return value |
|ap_return  | out |   32| ap_ctrl_hs |     main     | return value |
+-----------+-----+-----+------------+--------------+--------------+

